Archive member included because of file (symbol)

c:/tools/prog/winavr/bin/../lib/gcc/avr/4.3.3/avr51\libgcc.a(_exit.o)
                              c:/tools/prog/winavr/bin/../lib/gcc/avr/4.3.3/../../../../avr/lib/avr51/crtusb1286.o (exit)
c:/tools/prog/winavr/bin/../lib/gcc/avr/4.3.3/avr51\libgcc.a(_clear_bss.o)
                              usb_device_task.o (__do_clear_bss)

Allocating common symbols
Common symbol       size              file

endpoint_status     0x7               usb_standard_request.o
ms_multiple_drive   0x1               usb_specific_request.o
g_scsi_data_remaining
                    0x4               scsi_decoder.o
usb_LUN             0x1               storage_task.o
g_scsi_command      0x10              scsi_decoder.o
ms_data_direction   0x1               storage_task.o
cpt_sof             0x1               storage_task.o
usb_configuration_nb
                    0x1               usb_standard_request.o
g_scsi_status       0x1               scsi_decoder.o
data_to_transfer    0x1               usb_standard_request.o
pbuffer             0x2               usb_standard_request.o
g_scsi_sense        0x3               scsi_decoder.o

Memory Configuration

Name             Origin             Length             Attributes
text             0x00000000         0x00020000         xr
data             0x00800060         0x0000ffa0         rw !x
eeprom           0x00810000         0x00010000         rw !x
fuse             0x00820000         0x00000400         rw !x
lock             0x00830000         0x00000400         rw !x
signature        0x00840000         0x00000400         rw !x
*default*        0x00000000         0xffffffff

Linker script and memory map

Address of section .data set to 0x800100
LOAD c:/tools/prog/winavr/bin/../lib/gcc/avr/4.3.3/../../../../avr/lib/avr51/crtusb1286.o
LOAD main.o
LOAD ctrl_access.o
LOAD usb_descriptors.o
LOAD usb_device_task.o
LOAD usb_drv.o
LOAD usb_specific_request.o
LOAD usb_standard_request.o
LOAD usb_task.o
LOAD df_mem.o
LOAD df.o
LOAD power_drv.o
LOAD scheduler.o
LOAD scsi_decoder.o
LOAD storage_task.o
LOAD c:/tools/prog/winavr/bin/../lib/gcc/avr/4.3.3/avr51\libgcc.a
LOAD c:/tools/prog/winavr/bin/../lib/gcc/avr/4.3.3/../../../../avr/lib/avr51\libc.a
LOAD c:/tools/prog/winavr/bin/../lib/gcc/avr/4.3.3/avr51\libgcc.a

.hash
 *(.hash)

.dynsym
 *(.dynsym)

.dynstr
 *(.dynstr)

.gnu.version
 *(.gnu.version)

.gnu.version_d
 *(.gnu.version_d)

.gnu.version_r
 *(.gnu.version_r)

.rel.init
 *(.rel.init)

.rela.init
 *(.rela.init)

.rel.text
 *(.rel.text)
 *(.rel.text.*)
 *(.rel.gnu.linkonce.t*)

.rela.text
 *(.rela.text)
 *(.rela.text.*)
 *(.rela.gnu.linkonce.t*)

.rel.fini
 *(.rel.fini)

.rela.fini
 *(.rela.fini)

.rel.rodata
 *(.rel.rodata)
 *(.rel.rodata.*)
 *(.rel.gnu.linkonce.r*)

.rela.rodata
 *(.rela.rodata)
 *(.rela.rodata.*)
 *(.rela.gnu.linkonce.r*)

.rel.data
 *(.rel.data)
 *(.rel.data.*)
 *(.rel.gnu.linkonce.d*)

.rela.data
 *(.rela.data)
 *(.rela.data.*)
 *(.rela.gnu.linkonce.d*)

.rel.ctors
 *(.rel.ctors)

.rela.ctors
 *(.rela.ctors)

.rel.dtors
 *(.rel.dtors)

.rela.dtors
 *(.rela.dtors)

.rel.got
 *(.rel.got)

.rela.got
 *(.rela.got)

.rel.bss
 *(.rel.bss)

.rela.bss
 *(.rela.bss)

.rel.plt
 *(.rel.plt)

.rela.plt
 *(.rela.plt)

.text           0x00000000     0x26ce
 *(.vectors)
 .vectors       0x00000000       0x98 c:/tools/prog/winavr/bin/../lib/gcc/avr/4.3.3/../../../../avr/lib/avr51/crtusb1286.o
                0x00000000                __vectors
                0x00000000                __vector_default
 *(.vectors)
 *(.progmem.gcc*)
 *(.progmem*)
 .progmem.data  0x00000098       0x16 ctrl_access.o
                0x00000098                lun2_name
 .progmem.data  0x000000ae       0x80 usb_descriptors.o
                0x0000012a                usb_user_language_id
                0x000000ae                usb_dev_desc
                0x000000ec                usb_user_product_string_descriptor
                0x0000010e                usb_user_serial_number
                0x000000e0                usb_user_manufacturer_string_descriptor
                0x000000c0                usb_conf_desc
 .progmem.data  0x0000012e       0x24 scsi_decoder.o
                0x0000014a                sbc_std_inquiry_data
                0x0000012e                g_sbc_vendor_id
                0x00000146                g_sbc_revision_id
                0x00000136                g_sbc_product_id
                0x00000152                . = ALIGN (0x2)
                0x00000152                __trampolines_start = .
 *(.trampolines)
 .trampolines   0x00000152        0x0 linker stubs
 *(.trampolines*)
                0x00000152                __trampolines_end = .
 *(.jumptables)
 *(.jumptables*)
 *(.lowtext)
 *(.lowtext*)
                0x00000152                __ctors_start = .
 *(.ctors)
                0x00000152                __ctors_end = .
                0x00000152                __dtors_start = .
 *(.dtors)
                0x00000152                __dtors_end = .
 SORT(*)(.ctors)
 SORT(*)(.dtors)
 *(.init0)
 .init0         0x00000152        0x0 c:/tools/prog/winavr/bin/../lib/gcc/avr/4.3.3/../../../../avr/lib/avr51/crtusb1286.o
                0x00000152                __init
 *(.init0)
 *(.init1)
 *(.init1)
 *(.init2)
 .init2         0x00000152        0xc c:/tools/prog/winavr/bin/../lib/gcc/avr/4.3.3/../../../../avr/lib/avr51/crtusb1286.o
 *(.init2)
 *(.init3)
 .init3         0x0000015e        0x2 main.o
                0x0000015e                __low_level_init
 *(.init3)
 *(.init4)
 .init4         0x00000160       0x1a c:/tools/prog/winavr/bin/../lib/gcc/avr/4.3.3/../../../../avr/lib/avr51/crtusb1286.o
                0x00000160                __do_copy_data
 .init4         0x0000017a       0x10 c:/tools/prog/winavr/bin/../lib/gcc/avr/4.3.3/avr51\libgcc.a(_clear_bss.o)
                0x0000017a                __do_clear_bss
 *(.init4)
 *(.init5)
 *(.init5)
 *(.init6)
 *(.init6)
 *(.init7)
 *(.init7)
 *(.init8)
 *(.init8)
 *(.init9)
 .init9         0x0000018a        0x8 c:/tools/prog/winavr/bin/../lib/gcc/avr/4.3.3/../../../../avr/lib/avr51/crtusb1286.o
 *(.init9)
 *(.text)
 .text          0x00000192        0x4 c:/tools/prog/winavr/bin/../lib/gcc/avr/4.3.3/../../../../avr/lib/avr51/crtusb1286.o
                0x00000192                __vector_22
                0x00000192                __vector_28
                0x00000192                __vector_1
                0x00000192                __vector_32
                0x00000192                __vector_34
                0x00000192                __vector_24
                0x00000192                __vector_12
                0x00000192                __bad_interrupt
                0x00000192                __vector_6
                0x00000192                __vector_31
                0x00000192                __vector_35
                0x00000192                __vector_3
                0x00000192                __vector_23
                0x00000192                __vector_30
                0x00000192                __vector_25
                0x00000192                __vector_11
                0x00000192                __vector_13
                0x00000192                __vector_17
                0x00000192                __vector_19
                0x00000192                __vector_7
                0x00000192                __vector_27
                0x00000192                __vector_5
                0x00000192                __vector_33
                0x00000192                __vector_37
                0x00000192                __vector_4
                0x00000192                __vector_9
                0x00000192                __vector_2
                0x00000192                __vector_21
                0x00000192                __vector_15
                0x00000192                __vector_36
                0x00000192                __vector_29
                0x00000192                __vector_8
                0x00000192                __vector_26
                0x00000192                __vector_14
                0x00000192                __vector_16
                0x00000192                __vector_18
                0x00000192                __vector_20
 .text          0x00000196        0x0 main.o
 .text          0x00000196        0x0 ctrl_access.o
 .text          0x00000196        0x0 usb_descriptors.o
 .text          0x00000196        0x0 usb_device_task.o
 .text          0x00000196        0x0 usb_drv.o
 .text          0x00000196        0x0 usb_specific_request.o
 .text          0x00000196        0x0 usb_standard_request.o
 .text          0x00000196        0x0 usb_task.o
 .text          0x00000196        0x0 df_mem.o
 .text          0x00000196        0x0 df.o
 .text          0x00000196        0x0 power_drv.o
 .text          0x00000196        0x0 scheduler.o
 .text          0x00000196        0x0 scsi_decoder.o
 .text          0x00000196        0x0 storage_task.o
 .text          0x00000196        0x0 c:/tools/prog/winavr/bin/../lib/gcc/avr/4.3.3/avr51\libgcc.a(_exit.o)
 .text          0x00000196        0x0 c:/tools/prog/winavr/bin/../lib/gcc/avr/4.3.3/avr51\libgcc.a(_clear_bss.o)
                0x00000196                . = ALIGN (0x2)
 *(.text.*)
 .text.main     0x00000196       0x12 main.o
                0x00000196                main
 .text.get_nb_lun
                0x000001a8        0x4 ctrl_access.o
                0x000001a8                get_nb_lun
 .text.get_cur_lun
                0x000001ac        0x4 ctrl_access.o
                0x000001ac                get_cur_lun
 .text.mem_sector_size
                0x000001b0        0x4 ctrl_access.o
                0x000001b0                mem_sector_size
 .text.mem_name
                0x000001b4       0x12 ctrl_access.o
                0x000001b4                mem_name
 .text.usb_2_memory
                0x000001c6       0x1a ctrl_access.o
                0x000001c6                usb_2_memory
 .text.memory_2_usb
                0x000001e0       0x1a ctrl_access.o
                0x000001e0                memory_2_usb
 .text.mem_removal
                0x000001fa        0xe ctrl_access.o
                0x000001fa                mem_removal
 .text.mem_wr_protect
                0x00000208        0xe ctrl_access.o
                0x00000208                mem_wr_protect
 .text.mem_read_capacity
                0x00000216       0x16 ctrl_access.o
                0x00000216                mem_read_capacity
 .text.mem_test_unit_ready
                0x0000022c       0x14 ctrl_access.o
                0x0000022c                mem_test_unit_ready
 .text.usb_device_task_init
                0x00000240       0x1c usb_device_task.o
                0x00000240                usb_device_task_init
 .text.usb_start_device
                0x0000025c       0x3c usb_device_task.o
                0x0000025c                usb_start_device
 .text.usb_device_task
                0x00000298       0xb2 usb_device_task.o
                0x00000298                usb_device_task
 .text.usb_config_ep
                0x0000034a       0x30 usb_drv.o
                0x0000034a                usb_config_ep
 .text.usb_select_enpoint_interrupt
                0x0000037a       0x18 usb_drv.o
                0x0000037a                usb_select_enpoint_interrupt
 .text.usb_send_packet
                0x00000392       0x20 usb_drv.o
                0x00000392                usb_send_packet
 .text.usb_read_packet
                0x000003b2       0x20 usb_drv.o
                0x000003b2                usb_read_packet
 .text.usb_halt_endpoint
                0x000003d2       0x10 usb_drv.o
                0x000003d2                usb_halt_endpoint
 .text.usb_init_device
                0x000003e2       0x30 usb_drv.o
                0x000003e2                usb_init_device
 .text.usb_user_interface_get
                0x00000412        0x4 usb_specific_request.o
                0x00000412                usb_user_interface_get
 .text.usb_user_interface_reset
                0x00000416       0x4c usb_specific_request.o
                0x00000416                usb_user_interface_reset
 .text.usb_user_get_descriptor
                0x00000462       0x54 usb_specific_request.o
                0x00000462                usb_user_get_descriptor
 .text.usb_user_endpoint_init
                0x000004b6       0x2a usb_specific_request.o
                0x000004b6                usb_user_endpoint_init
 .text.usb_user_read_request
                0x000004e0       0xd8 usb_specific_request.o
                0x000004e0                usb_user_read_request
 .text.usb_generate_remote_wakeup
                0x000005b8       0x32 usb_standard_request.o
                0x000005b8                usb_generate_remote_wakeup
 .text.usb_process_request
                0x000005ea      0x4b4 usb_standard_request.o
                0x000005ea                usb_process_request
 .text.__vector_10
                0x00000a9e      0x1ac usb_task.o
                0x00000a9e                __vector_10
 .text.usb_task
                0x00000c4a        0x6 usb_task.o
                0x00000c4a                usb_task
 .text.usb_task_init
                0x00000c50       0x1c usb_task.o
                0x00000c50                usb_task_init
 .text.df_wr_protect
                0x00000c6c        0x6 df_mem.o
                0x00000c6c                df_wr_protect
 .text.df_removal
                0x00000c72        0x4 df_mem.o
                0x00000c72                df_removal
 .text.df_ram_2_df
                0x00000c76       0x1e df_mem.o
                0x00000c76                df_ram_2_df
 .text.df_df_2_ram
                0x00000c94       0x1e df_mem.o
                0x00000c94                df_df_2_ram
 .text.df_read_10
                0x00000cb2       0xf4 df_mem.o
                0x00000cb2                df_read_10
 .text.df_test_unit_ready
                0x00000da6       0x2c df_mem.o
                0x00000da6                df_test_unit_ready
 .text.df_read_capacity
                0x00000dd2       0x18 df_mem.o
                0x00000dd2                df_read_capacity
 .text.df_mem_init
                0x00000dea        0x6 df_mem.o
                0x00000dea                df_mem_init
 .text.df_write_10
                0x00000df0       0xfa df_mem.o
                0x00000df0                df_write_10
 .text.df_init  0x00000eea       0x52 df.o
                0x00000eea                df_init
 .text.df_chipselect_current
                0x00000f3c       0x1c df.o
 .text.df_mem_check
                0x00000f58       0x4e df.o
                0x00000f58                df_mem_check
 .text.df_wait_busy
                0x00000fa6       0x30 df.o
 .text.df_read_open
                0x00000fd6      0x118 df.o
                0x00000fd6                df_read_open
 .text.df_read_close
                0x000010ee        0x8 df.o
                0x000010ee                df_read_close
 .text.df_read_sector
                0x000010f6      0x3f2 df.o
                0x000010f6                df_read_sector
 .text.df_write_open
                0x000014e8      0x138 df.o
                0x000014e8                df_write_open
 .text.df_write_close
                0x00001620       0x66 df.o
                0x00001620                df_write_close
 .text.df_write_sector
                0x00001686      0x3a8 df.o
                0x00001686                df_write_sector
 .text.df_read_sector_2_ram
                0x00001a2e       0x4e df.o
                0x00001a2e                df_read_sector_2_ram
 .text.df_write_sector_from_ram
                0x00001a7c       0x4e df.o
                0x00001a7c                df_write_sector_from_ram
 .text.set_power_down_mode
                0x00001aca        0xc power_drv.o
                0x00001aca                set_power_down_mode
 .text.set_idle_mode
                0x00001ad6        0xc power_drv.o
                0x00001ad6                set_idle_mode
 .text.set_adc_noise_reduction_mode
                0x00001ae2        0xc power_drv.o
                0x00001ae2                set_adc_noise_reduction_mode
 .text.set_power_save_mode
                0x00001aee        0xc power_drv.o
                0x00001aee                set_power_save_mode
 .text.set_standby_mode
                0x00001afa        0xc power_drv.o
                0x00001afa                set_standby_mode
 .text.set_ext_standby_mode
                0x00001b06        0xc power_drv.o
                0x00001b06                set_ext_standby_mode
 .text.scheduler_empty_fct
                0x00001b12        0x2 scheduler.o
                0x00001b12                scheduler_empty_fct
 .text.scheduler_tasks
                0x00001b14        0xa scheduler.o
                0x00001b14                scheduler_tasks
 .text.scheduler_init
                0x00001b1e        0xa scheduler.o
                0x00001b1e                scheduler_init
 .text.scheduler
                0x00001b28        0xa scheduler.o
                0x00001b28                scheduler
 .text.sbc_request_sense
                0x00001b32       0xc0 scsi_decoder.o
                0x00001b32                sbc_request_sense
 .text.sbc_inquiry
                0x00001bf2       0xb6 scsi_decoder.o
                0x00001bf2                sbc_inquiry
 .text.send_informational_exceptions_page
                0x00001ca8       0x26 scsi_decoder.o
 .text.send_read_write_error_recovery_page
                0x00001cce       0x3e scsi_decoder.o
 .text.sbc_prevent_allow_medium_removal
                0x00001d0c       0x14 scsi_decoder.o
                0x00001d0c                sbc_prevent_allow_medium_removal
 .text.sbc_lun_status_is_good
                0x00001d20       0x12 scsi_decoder.o
                0x00001d20                sbc_lun_status_is_good
 .text.sbc_lun_status_is_not_present
                0x00001d32       0x18 scsi_decoder.o
                0x00001d32                sbc_lun_status_is_not_present
 .text.sbc_lun_status_is_busy_or_change
                0x00001d4a       0x18 scsi_decoder.o
                0x00001d4a                sbc_lun_status_is_busy_or_change
 .text.sbc_lun_status_is_fail
                0x00001d62       0x16 scsi_decoder.o
                0x00001d62                sbc_lun_status_is_fail
 .text.sbc_lun_status_is_protected
                0x00001d78       0x18 scsi_decoder.o
                0x00001d78                sbc_lun_status_is_protected
 .text.sbc_lun_status_is_cdb_field
                0x00001d90       0x18 scsi_decoder.o
                0x00001d90                sbc_lun_status_is_cdb_field
 .text.sbc_header_mode_sense
                0x00001da8       0x44 scsi_decoder.o
 .text.sbc_mode_sense
                0x00001dec      0x178 scsi_decoder.o
                0x00001dec                sbc_mode_sense
 .text.sbc_write_10
                0x00001f64      0x1aa scsi_decoder.o
                0x00001f64                sbc_write_10
 .text.sbc_read_10
                0x0000210e      0x186 scsi_decoder.o
                0x0000210e                sbc_read_10
 .text.sbc_read_capacity
                0x00002294       0xf2 scsi_decoder.o
                0x00002294                sbc_read_capacity
 .text.sbc_test_unit_ready
                0x00002386       0x5e scsi_decoder.o
                0x00002386                sbc_test_unit_ready
 .text.scsi_decode_command
                0x000023e4       0xaa scsi_decoder.o
                0x000023e4                scsi_decode_command
 .text.sof_action
                0x0000248e        0xc storage_task.o
                0x0000248e                sof_action
 .text.usb_mass_storage_csw
                0x0000249a       0xd2 storage_task.o
                0x0000249a                usb_mass_storage_csw
 .text.usb_mass_storage_cbw
                0x0000256c      0x128 storage_task.o
                0x0000256c                usb_mass_storage_cbw
 .text.storage_task
                0x00002694       0x20 storage_task.o
                0x00002694                storage_task
 .text.storage_task_init
                0x000026b4       0x16 storage_task.o
                0x000026b4                storage_task_init
 .text.libgcc   0x000026ca        0x0 c:/tools/prog/winavr/bin/../lib/gcc/avr/4.3.3/avr51\libgcc.a(_exit.o)
 .text.libgcc   0x000026ca        0x0 c:/tools/prog/winavr/bin/../lib/gcc/avr/4.3.3/avr51\libgcc.a(_clear_bss.o)
                0x000026ca                . = ALIGN (0x2)
 *(.fini9)
 .fini9         0x000026ca        0x0 c:/tools/prog/winavr/bin/../lib/gcc/avr/4.3.3/avr51\libgcc.a(_exit.o)
                0x000026ca                exit
                0x000026ca                _exit
 *(.fini9)
 *(.fini8)
 *(.fini8)
 *(.fini7)
 *(.fini7)
 *(.fini6)
 *(.fini6)
 *(.fini5)
 *(.fini5)
 *(.fini4)
 *(.fini4)
 *(.fini3)
 *(.fini3)
 *(.fini2)
 *(.fini2)
 *(.fini1)
 *(.fini1)
 *(.fini0)
 .fini0         0x000026ca        0x4 c:/tools/prog/winavr/bin/../lib/gcc/avr/4.3.3/avr51\libgcc.a(_exit.o)
 *(.fini0)
                0x000026ce                _etext = .

.data           0x00800100        0x0 load address 0x000026ce
                0x00800100                PROVIDE (__data_start, .)
 *(.data)
 .data          0x00800100        0x0 c:/tools/prog/winavr/bin/../lib/gcc/avr/4.3.3/../../../../avr/lib/avr51/crtusb1286.o
 .data          0x00800100        0x0 main.o
 .data          0x00800100        0x0 ctrl_access.o
 .data          0x00800100        0x0 usb_descriptors.o
 .data          0x00800100        0x0 usb_device_task.o
 .data          0x00800100        0x0 usb_drv.o
 .data          0x00800100        0x0 usb_specific_request.o
 .data          0x00800100        0x0 usb_standard_request.o
 .data          0x00800100        0x0 usb_task.o
 .data          0x00800100        0x0 df_mem.o
 .data          0x00800100        0x0 df.o
 .data          0x00800100        0x0 power_drv.o
 .data          0x00800100        0x0 scheduler.o
 .data          0x00800100        0x0 scsi_decoder.o
 .data          0x00800100        0x0 storage_task.o
 .data          0x00800100        0x0 c:/tools/prog/winavr/bin/../lib/gcc/avr/4.3.3/avr51\libgcc.a(_exit.o)
 .data          0x00800100        0x0 c:/tools/prog/winavr/bin/../lib/gcc/avr/4.3.3/avr51\libgcc.a(_clear_bss.o)
 *(.data*)
 *(.rodata)
 *(.rodata*)
 *(.gnu.linkonce.d*)
                0x00800100                . = ALIGN (0x2)
                0x00800100                _edata = .
                0x00800100                PROVIDE (__data_end, .)

.bss            0x00800100       0x38
                0x00800100                PROVIDE (__bss_start, .)
 *(.bss)
 .bss           0x00800100        0x0 c:/tools/prog/winavr/bin/../lib/gcc/avr/4.3.3/../../../../avr/lib/avr51/crtusb1286.o
 .bss           0x00800100        0x0 main.o
 .bss           0x00800100        0x0 ctrl_access.o
 .bss           0x00800100        0x0 usb_descriptors.o
 .bss           0x00800100        0x2 usb_device_task.o
                0x00800101                usb_suspended
                0x00800100                usb_connected
 .bss           0x00800102        0x0 usb_drv.o
 .bss           0x00800102        0x0 usb_specific_request.o
 .bss           0x00800102        0x1 usb_standard_request.o
                0x00800102                remote_wakeup_feature
 .bss           0x00800103        0x2 usb_task.o
                0x00800103                g_usb_event
 .bss           0x00800105        0x2 df_mem.o
                0x00800106                g_b_df_protected_last
                0x00800105                g_b_df_protected
 .bss           0x00800107        0x6 df.o
 .bss           0x0080010d        0x0 power_drv.o
 .bss           0x0080010d        0x0 scheduler.o
 .bss           0x0080010d        0x0 scsi_decoder.o
 .bss           0x0080010d        0x4 storage_task.o
 .bss           0x00800111        0x0 c:/tools/prog/winavr/bin/../lib/gcc/avr/4.3.3/avr51\libgcc.a(_exit.o)
 .bss           0x00800111        0x0 c:/tools/prog/winavr/bin/../lib/gcc/avr/4.3.3/avr51\libgcc.a(_clear_bss.o)
 *(.bss*)
 *(COMMON)
 COMMON         0x00800111        0x1 usb_specific_request.o
                0x00800111                ms_multiple_drive
 COMMON         0x00800112        0xb usb_standard_request.o
                0x00800112                endpoint_status
                0x00800119                usb_configuration_nb
                0x0080011a                data_to_transfer
                0x0080011b                pbuffer
 COMMON         0x0080011d       0x18 scsi_decoder.o
                0x0080011d                g_scsi_data_remaining
                0x00800121                g_scsi_command
                0x00800131                g_scsi_status
                0x00800132                g_scsi_sense
 COMMON         0x00800135        0x3 storage_task.o
                0x00800135                usb_LUN
                0x00800136                ms_data_direction
                0x00800137                cpt_sof
                0x00800138                PROVIDE (__bss_end, .)
                0x000026ce                __data_load_start = LOADADDR (.data)
                0x000026ce                __data_load_end = (__data_load_start + SIZEOF (.data))

.noinit         0x00800138        0x0
                0x00800138                PROVIDE (__noinit_start, .)
 *(.noinit*)
                0x00800138                PROVIDE (__noinit_end, .)
                0x00800138                _end = .
                0x00800138                PROVIDE (__heap_start, .)

.eeprom         0x00810000        0x0
 *(.eeprom*)
                0x00810000                __eeprom_end = .

.fuse
 *(.fuse)
 *(.lfuse)
 *(.hfuse)
 *(.efuse)

.lock
 *(.lock*)

.signature
 *(.signature*)

.stab
 *(.stab)

.stabstr
 *(.stabstr)

.stab.excl
 *(.stab.excl)

.stab.exclstr
 *(.stab.exclstr)

.stab.index
 *(.stab.index)

.stab.indexstr
 *(.stab.indexstr)

.comment
 *(.comment)

.debug
 *(.debug)

.line
 *(.line)

.debug_srcinfo
 *(.debug_srcinfo)

.debug_sfnames
 *(.debug_sfnames)

.debug_aranges  0x00000000      0x3e0
 *(.debug_aranges)
 .debug_aranges
                0x00000000       0x28 main.o
 .debug_aranges
                0x00000028       0x68 ctrl_access.o
 .debug_aranges
                0x00000090       0x30 usb_device_task.o
 .debug_aranges
                0x000000c0       0x48 usb_drv.o
 .debug_aranges
                0x00000108       0x40 usb_specific_request.o
 .debug_aranges
                0x00000148       0x28 usb_standard_request.o
 .debug_aranges
                0x00000170       0x30 usb_task.o
 .debug_aranges
                0x000001a0       0x60 df_mem.o
 .debug_aranges
                0x00000200       0x78 df.o
 .debug_aranges
                0x00000278       0x48 power_drv.o
 .debug_aranges
                0x000002c0       0x38 scheduler.o
 .debug_aranges
                0x000002f8       0xa8 scsi_decoder.o
 .debug_aranges
                0x000003a0       0x40 storage_task.o

.debug_pubnames
                0x00000000      0xa18
 *(.debug_pubnames)
 .debug_pubnames
                0x00000000       0x30 main.o
 .debug_pubnames
                0x00000030       0xd3 ctrl_access.o
 .debug_pubnames
                0x00000103       0xbc usb_descriptors.o
 .debug_pubnames
                0x000001bf       0x78 usb_device_task.o
 .debug_pubnames
                0x00000237       0x97 usb_drv.o
 .debug_pubnames
                0x000002ce       0xb1 usb_specific_request.o
 .debug_pubnames
                0x0000037f       0xb1 usb_standard_request.o
 .debug_pubnames
                0x00000430       0x51 usb_task.o
 .debug_pubnames
                0x00000481       0xdd df_mem.o
 .debug_pubnames
                0x0000055e       0xd4 df.o
 .debug_pubnames
                0x00000632       0xa3 power_drv.o
 .debug_pubnames
                0x000006d5       0x5f scheduler.o
 .debug_pubnames
                0x00000734      0x23c scsi_decoder.o
 .debug_pubnames
                0x00000970       0xa8 storage_task.o

.debug_info     0x00000000     0x2b69
 *(.debug_info)
 .debug_info    0x00000000       0xb7 main.o
 .debug_info    0x000000b7      0x318 ctrl_access.o
 .debug_info    0x000003cf      0x4fc usb_descriptors.o
 .debug_info    0x000008cb      0x128 usb_device_task.o
 .debug_info    0x000009f3      0x1f7 usb_drv.o
 .debug_info    0x00000bea      0x389 usb_specific_request.o
 .debug_info    0x00000f73      0x82b usb_standard_request.o
 .debug_info    0x0000179e      0x10a usb_task.o
 .debug_info    0x000018a8      0x2e6 df_mem.o
 .debug_info    0x00001b8e      0x32e df.o
 .debug_info    0x00001ebc       0xff power_drv.o
 .debug_info    0x00001fbb       0xdd scheduler.o
 .debug_info    0x00002098      0x8c3 scsi_decoder.o
 .debug_info    0x0000295b      0x20e storage_task.o
 *(.gnu.linkonce.wi.*)

.debug_abbrev   0x00000000      0xe10
 *(.debug_abbrev)
 .debug_abbrev  0x00000000       0x4c main.o
 .debug_abbrev  0x0000004c      0x12a ctrl_access.o
 .debug_abbrev  0x00000176       0xcb usb_descriptors.o
 .debug_abbrev  0x00000241       0x80 usb_device_task.o
 .debug_abbrev  0x000002c1       0xce usb_drv.o
 .debug_abbrev  0x0000038f      0x140 usb_specific_request.o
 .debug_abbrev  0x000004cf      0x202 usb_standard_request.o
 .debug_abbrev  0x000006d1       0x95 usb_task.o
 .debug_abbrev  0x00000766      0x140 df_mem.o
 .debug_abbrev  0x000008a6      0x166 df.o
 .debug_abbrev  0x00000a0c       0x4a power_drv.o
 .debug_abbrev  0x00000a56       0x68 scheduler.o
 .debug_abbrev  0x00000abe      0x266 scsi_decoder.o
 .debug_abbrev  0x00000d24       0xec storage_task.o

.debug_line     0x00000000     0x2f89
 *(.debug_line)
 .debug_line    0x00000000       0x97 main.o
 .debug_line    0x00000097      0x227 ctrl_access.o
 .debug_line    0x000002be       0xac usb_descriptors.o
 .debug_line    0x0000036a      0x248 usb_device_task.o
 .debug_line    0x000005b2      0x1ed usb_drv.o
 .debug_line    0x0000079f      0x2fe usb_specific_request.o
 .debug_line    0x00000a9d      0x5fb usb_standard_request.o
 .debug_line    0x00001098      0x20e usb_task.o
 .debug_line    0x000012a6      0x32f df_mem.o
 .debug_line    0x000015d5      0x91f df.o
 .debug_line    0x00001ef4      0x160 power_drv.o
 .debug_line    0x00002054      0x102 scheduler.o
 .debug_line    0x00002156      0xa92 scsi_decoder.o
 .debug_line    0x00002be8      0x3a1 storage_task.o

.debug_frame    0x00000000      0x620
 *(.debug_frame)
 .debug_frame   0x00000000       0x30 main.o
 .debug_frame   0x00000030       0xb0 ctrl_access.o
 .debug_frame   0x000000e0       0x40 usb_device_task.o
 .debug_frame   0x00000120       0x70 usb_drv.o
 .debug_frame   0x00000190       0x60 usb_specific_request.o
 .debug_frame   0x000001f0       0x30 usb_standard_request.o
 .debug_frame   0x00000220       0x40 usb_task.o
 .debug_frame   0x00000260       0xa0 df_mem.o
 .debug_frame   0x00000300       0xd0 df.o
 .debug_frame   0x000003d0       0x70 power_drv.o
 .debug_frame   0x00000440       0x50 scheduler.o
 .debug_frame   0x00000490      0x130 scsi_decoder.o
 .debug_frame   0x000005c0       0x60 storage_task.o

.debug_str      0x00000000     0x1162
 *(.debug_str)
 .debug_str     0x00000000       0xd1 main.o
                                0x10a (size before relaxing)
 .debug_str     0x000000d1      0x112 ctrl_access.o
                                0x212 (size before relaxing)
 .debug_str     0x000001e3      0x360 usb_descriptors.o
                                0x44a (size before relaxing)
 .debug_str     0x00000543       0xbd usb_device_task.o
                                0x1a7 (size before relaxing)
 .debug_str     0x00000600       0xce usb_drv.o
                                0x1c4 (size before relaxing)
 .debug_str     0x000006ce       0xff usb_specific_request.o
                                0x30c (size before relaxing)
 .debug_str     0x000007cd      0x1c7 usb_standard_request.o
                                0x583 (size before relaxing)
 .debug_str     0x00000994       0x43 usb_task.o
                                0x164 (size before relaxing)
 .debug_str     0x000009d7       0xf0 df_mem.o
                                0x22f (size before relaxing)
 .debug_str     0x00000ac7      0x13b df.o
                                0x23c (size before relaxing)
 .debug_str     0x00000c02       0x9c power_drv.o
                                0x186 (size before relaxing)
 .debug_str     0x00000c9e       0x6e scheduler.o
                                0x158 (size before relaxing)
 .debug_str     0x00000d0c      0x3d6 scsi_decoder.o
                                0x52e (size before relaxing)
 .debug_str     0x000010e2       0x80 storage_task.o
                                0x1f4 (size before relaxing)

.debug_loc      0x00000000      0xe18
 *(.debug_loc)
 .debug_loc     0x00000000      0x20a ctrl_access.o
 .debug_loc     0x0000020a      0x101 usb_drv.o
 .debug_loc     0x0000030b      0x189 usb_specific_request.o
 .debug_loc     0x00000494      0x425 usb_standard_request.o
 .debug_loc     0x000008b9      0x205 df_mem.o
 .debug_loc     0x00000abe      0x112 df.o
 .debug_loc     0x00000bd0      0x1de scsi_decoder.o
 .debug_loc     0x00000dae       0x6a storage_task.o

.debug_macinfo
 *(.debug_macinfo)
OUTPUT(USBKEY-series6-ms_df.elf elf32-avr)
LOAD linker stubs

.debug_ranges   0x00000000      0x3c0
 .debug_ranges  0x00000000       0x20 main.o
 .debug_ranges  0x00000020       0x60 ctrl_access.o
 .debug_ranges  0x00000080       0x28 usb_device_task.o
 .debug_ranges  0x000000a8       0x40 usb_drv.o
 .debug_ranges  0x000000e8       0x38 usb_specific_request.o
 .debug_ranges  0x00000120       0x50 usb_standard_request.o
 .debug_ranges  0x00000170       0x28 usb_task.o
 .debug_ranges  0x00000198       0x58 df_mem.o
 .debug_ranges  0x000001f0       0x70 df.o
 .debug_ranges  0x00000260       0x40 power_drv.o
 .debug_ranges  0x000002a0       0x30 scheduler.o
 .debug_ranges  0x000002d0       0xb8 scsi_decoder.o
 .debug_ranges  0x00000388       0x38 storage_task.o
